<html>
<body>
<pre>
<h1>µVision Build Log</h1>
<h2>Project:</h2>
C:\Users\student\Desktop\UART_2 TASK\SPL_Example_sources_only\dummy.uvproj
Project File Date:  05/12/2016

<h2>Output:</h2>
Build target 'Target 1'
assembling startup_stm32f10x_md.s...
compiling system_stm32f10x.c...
compiling main.c...
src\App\main.c(79): warning:  #1295-D: Deprecated declaration SetGPIO - give arg types
src\App\main.c(81): warning:  #1295-D: Deprecated declaration SetUART - give arg types
src\App\main.c(84): warning:  #1295-D: Deprecated declaration ReceiveX - give arg types
src\App\main.c(86): warning:  #1295-D: Deprecated declaration ReplyFromMK - give arg types
src\App\main.c(269): warning:  #111-D: statement is unreachable
compiling misc.c...
compiling stm32f10x_gpio.c...
compiling stm32f10x_rcc.c...
compiling stm32f10x_usart.c...
compiling stm32f10x_tim.c...
linking...
.\obj\dummy.axf: Error: L6218E: Undefined symbol Request (referred from main.o).
".\obj\dummy.axf" - 1 Errors, 5 Warning(s).
Target not created
Build target 'Target 1'
linking...
.\obj\dummy.axf: Error: L6218E: Undefined symbol Request (referred from main.o).
".\obj\dummy.axf" - 1 Errors, 0 Warning(s).
Target not created
Build target 'Target 1'
compiling main.c...
src\App\main.c(79): warning:  #1295-D: Deprecated declaration SetGPIO - give arg types
src\App\main.c(81): warning:  #1295-D: Deprecated declaration SetUART - give arg types
src\App\main.c(84): warning:  #1295-D: Deprecated declaration ReceiveX - give arg types
src\App\main.c(86): warning:  #1295-D: Deprecated declaration ReplyFromMK - give arg types
src\App\main.c(268): warning:  #111-D: statement is unreachable
linking...
Program Size: Code=11296 RO-data=276 RW-data=88 ZI-data=1632  
".\obj\dummy.axf" - 0 Errors, 5 Warning(s).
Build target 'Target 1'
compiling main.c...
src\App\main.c(79): warning:  #1295-D: Deprecated declaration SetGPIO - give arg types
src\App\main.c(81): warning:  #1295-D: Deprecated declaration SetUART - give arg types
src\App\main.c(84): warning:  #1295-D: Deprecated declaration ReceiveX - give arg types
src\App\main.c(86): warning:  #1295-D: Deprecated declaration ReplyFromMK - give arg types
src\App\main.c(268): warning:  #111-D: statement is unreachable
linking...
Program Size: Code=11296 RO-data=276 RW-data=88 ZI-data=1632  
".\obj\dummy.axf" - 0 Errors, 5 Warning(s).
Build target 'Target 1'
compiling main.c...
src\App\main.c(79): warning:  #1295-D: Deprecated declaration SetGPIO - give arg types
src\App\main.c(81): warning:  #1295-D: Deprecated declaration SetUART - give arg types
src\App\main.c(84): warning:  #1295-D: Deprecated declaration ReceiveX - give arg types
src\App\main.c(86): warning:  #1295-D: Deprecated declaration ReplyFromMK - give arg types
src\App\main.c(267): warning:  #111-D: statement is unreachable
linking...
Program Size: Code=11296 RO-data=276 RW-data=88 ZI-data=1632  
".\obj\dummy.axf" - 0 Errors, 5 Warning(s).
Build target 'Target 1'
compiling main.c...
src\App\main.c(79): warning:  #1295-D: Deprecated declaration SetGPIO - give arg types
src\App\main.c(81): warning:  #1295-D: Deprecated declaration SetUART - give arg types
src\App\main.c(84): warning:  #1295-D: Deprecated declaration ReceiveX - give arg types
src\App\main.c(86): warning:  #1295-D: Deprecated declaration ReplyFromMK - give arg types
src\App\main.c(267): warning:  #111-D: statement is unreachable
linking...
Program Size: Code=11296 RO-data=276 RW-data=88 ZI-data=1632  
".\obj\dummy.axf" - 0 Errors, 5 Warning(s).
Build target 'Target 1'
compiling main.c...
src\App\main.c(79): warning:  #1295-D: Deprecated declaration SetGPIO - give arg types
src\App\main.c(81): warning:  #1295-D: Deprecated declaration SetUART - give arg types
src\App\main.c(84): warning:  #1295-D: Deprecated declaration ReceiveX - give arg types
src\App\main.c(86): warning:  #1295-D: Deprecated declaration ReplyFromMK - give arg types
src\App\main.c(267): warning:  #111-D: statement is unreachable
linking...
Program Size: Code=11296 RO-data=276 RW-data=88 ZI-data=1632  
".\obj\dummy.axf" - 0 Errors, 5 Warning(s).
Build target 'Target 1'
linking...
Program Size: Code=11296 RO-data=276 RW-data=88 ZI-data=1632  
".\obj\dummy.axf" - 0 Errors, 0 Warning(s).
Build target 'Target 1'
compiling main.c...
src\App\main.c(79): warning:  #1295-D: Deprecated declaration SetGPIO - give arg types
src\App\main.c(81): warning:  #1295-D: Deprecated declaration SetUART - give arg types
src\App\main.c(84): warning:  #1295-D: Deprecated declaration ReceiveX - give arg types
src\App\main.c(86): warning:  #1295-D: Deprecated declaration ReplyFromMK - give arg types
src\App\main.c(267): warning:  #111-D: statement is unreachable
linking...
Program Size: Code=11296 RO-data=276 RW-data=88 ZI-data=1632  
".\obj\dummy.axf" - 0 Errors, 5 Warning(s).
Build target 'Target 1'
compiling main.c...
src\App\main.c(79): warning:  #1295-D: Deprecated declaration SetGPIO - give arg types
src\App\main.c(81): warning:  #1295-D: Deprecated declaration SetUART - give arg types
src\App\main.c(84): warning:  #1295-D: Deprecated declaration ReceiveX - give arg types
src\App\main.c(86): warning:  #1295-D: Deprecated declaration ReplyFromMK - give arg types
src\App\main.c(266): warning:  #111-D: statement is unreachable
linking...
Program Size: Code=11296 RO-data=276 RW-data=88 ZI-data=1632  
".\obj\dummy.axf" - 0 Errors, 5 Warning(s).
Build target 'Target 1'
compiling main.c...
src\App\main.c(81): warning:  #1295-D: Deprecated declaration SetGPIO - give arg types
src\App\main.c(83): warning:  #1295-D: Deprecated declaration SetUART - give arg types
src\App\main.c(86): warning:  #1295-D: Deprecated declaration ReceiveX - give arg types
src\App\main.c(88): warning:  #1295-D: Deprecated declaration ReplyFromMK - give arg types
src\App\main.c(89): warning:  #1295-D: Deprecated declaration Set_Timer - give arg types
src\App\main.c(276): warning:  #111-D: statement is unreachable
linking...
Program Size: Code=23976 RO-data=276 RW-data=88 ZI-data=1632  
".\obj\dummy.axf" - 0 Errors, 6 Warning(s).
Build target 'Target 1'
compiling main.c...
src\App\main.c(81): warning:  #1295-D: Deprecated declaration SetGPIO - give arg types
src\App\main.c(83): warning:  #1295-D: Deprecated declaration SetUART - give arg types
src\App\main.c(86): warning:  #1295-D: Deprecated declaration ReceiveX - give arg types
src\App\main.c(88): warning:  #1295-D: Deprecated declaration ReplyFromMK - give arg types
src\App\main.c(89): warning:  #1295-D: Deprecated declaration Set_Timer - give arg types
src\App\main.c(273): warning:  #111-D: statement is unreachable
linking...
Program Size: Code=23880 RO-data=276 RW-data=88 ZI-data=1632  
".\obj\dummy.axf" - 0 Errors, 6 Warning(s).
Build target 'Target 1'
compiling main.c...
src\App\main.c(81): warning:  #1295-D: Deprecated declaration SetGPIO - give arg types
src\App\main.c(83): warning:  #1295-D: Deprecated declaration SetUART - give arg types
src\App\main.c(86): warning:  #1295-D: Deprecated declaration ReceiveX - give arg types
src\App\main.c(88): warning:  #1295-D: Deprecated declaration ReplyFromMK - give arg types
src\App\main.c(89): warning:  #1295-D: Deprecated declaration Set_Timer - give arg types
src\App\main.c(273): warning:  #111-D: statement is unreachable
linking...
Program Size: Code=23880 RO-data=276 RW-data=88 ZI-data=1632  
".\obj\dummy.axf" - 0 Errors, 6 Warning(s).
Build target 'Target 1'
compiling main.c...
src\App\main.c(81): warning:  #1295-D: Deprecated declaration SetGPIO - give arg types
src\App\main.c(83): warning:  #1295-D: Deprecated declaration SetUART - give arg types
src\App\main.c(86): warning:  #1295-D: Deprecated declaration ReceiveX - give arg types
src\App\main.c(88): warning:  #1295-D: Deprecated declaration ReplyFromMK - give arg types
src\App\main.c(89): warning:  #1295-D: Deprecated declaration Set_Timer - give arg types
src\App\main.c(266): warning:  #111-D: statement is unreachable
linking...
Program Size: Code=23856 RO-data=276 RW-data=76 ZI-data=1636  
".\obj\dummy.axf" - 0 Errors, 6 Warning(s).
Build target 'Target 1'
linking...
Program Size: Code=23856 RO-data=276 RW-data=76 ZI-data=1636  
".\obj\dummy.axf" - 0 Errors, 0 Warning(s).
Build target 'Target 1'
compiling main.c...
src\App\main.c(81): warning:  #1295-D: Deprecated declaration SetGPIO - give arg types
src\App\main.c(83): warning:  #1295-D: Deprecated declaration SetUART - give arg types
src\App\main.c(86): warning:  #1295-D: Deprecated declaration ReceiveX - give arg types
src\App\main.c(88): warning:  #1295-D: Deprecated declaration ReplyFromMK - give arg types
src\App\main.c(89): warning:  #1295-D: Deprecated declaration Set_Timer - give arg types
src\App\main.c(266): warning:  #111-D: statement is unreachable
linking...
Program Size: Code=23844 RO-data=276 RW-data=76 ZI-data=1636  
".\obj\dummy.axf" - 0 Errors, 6 Warning(s).
Build target 'Target 1'
linking...
Program Size: Code=23844 RO-data=276 RW-data=76 ZI-data=1636  
".\obj\dummy.axf" - 0 Errors, 0 Warning(s).
Build target 'Target 1'
compiling main.c...
src\App\main.c(81): warning:  #1295-D: Deprecated declaration SetGPIO - give arg types
src\App\main.c(83): warning:  #1295-D: Deprecated declaration SetUART - give arg types
src\App\main.c(86): warning:  #1295-D: Deprecated declaration ReceiveX - give arg types
src\App\main.c(88): warning:  #1295-D: Deprecated declaration ReplyFromMK - give arg types
src\App\main.c(89): warning:  #1295-D: Deprecated declaration Set_Timer - give arg types
src\App\main.c(273): warning:  #111-D: statement is unreachable
linking...
Program Size: Code=23864 RO-data=276 RW-data=76 ZI-data=1636  
".\obj\dummy.axf" - 0 Errors, 6 Warning(s).
Build target 'Target 1'
linking...
Program Size: Code=23864 RO-data=276 RW-data=76 ZI-data=1636  
".\obj\dummy.axf" - 0 Errors, 0 Warning(s).
Build target 'Target 1'
compiling main.c...
src\App\main.c(81): warning:  #1295-D: Deprecated declaration SetGPIO - give arg types
src\App\main.c(83): warning:  #1295-D: Deprecated declaration SetUART - give arg types
src\App\main.c(86): warning:  #1295-D: Deprecated declaration ReceiveX - give arg types
src\App\main.c(88): warning:  #1295-D: Deprecated declaration ReplyFromMK - give arg types
src\App\main.c(89): warning:  #1295-D: Deprecated declaration Set_Timer - give arg types
src\App\main.c(276): warning:  #111-D: statement is unreachable
linking...
Program Size: Code=23864 RO-data=276 RW-data=76 ZI-data=1636  
".\obj\dummy.axf" - 0 Errors, 6 Warning(s).
Build target 'Target 1'
compiling main.c...
src\App\main.c(81): warning:  #1295-D: Deprecated declaration SetGPIO - give arg types
src\App\main.c(83): warning:  #1295-D: Deprecated declaration SetUART - give arg types
src\App\main.c(86): warning:  #1295-D: Deprecated declaration ReceiveX - give arg types
src\App\main.c(88): warning:  #1295-D: Deprecated declaration ReplyFromMK - give arg types
src\App\main.c(89): warning:  #1295-D: Deprecated declaration Set_Timer - give arg types
src\App\main.c(276): warning:  #111-D: statement is unreachable
linking...
Program Size: Code=23840 RO-data=276 RW-data=76 ZI-data=1636  
".\obj\dummy.axf" - 0 Errors, 6 Warning(s).
Build target 'Target 1'
compiling main.c...
src\App\main.c(81): warning:  #1295-D: Deprecated declaration SetGPIO - give arg types
src\App\main.c(83): warning:  #1295-D: Deprecated declaration SetUART - give arg types
src\App\main.c(86): warning:  #1295-D: Deprecated declaration ReceiveX - give arg types
src\App\main.c(88): warning:  #1295-D: Deprecated declaration ReplyFromMK - give arg types
src\App\main.c(89): warning:  #1295-D: Deprecated declaration Set_Timer - give arg types
src\App\main.c(280): warning:  #111-D: statement is unreachable
linking...
Program Size: Code=23848 RO-data=276 RW-data=76 ZI-data=1636  
".\obj\dummy.axf" - 0 Errors, 6 Warning(s).
Build target 'Target 1'
linking...
Program Size: Code=23848 RO-data=276 RW-data=76 ZI-data=1636  
".\obj\dummy.axf" - 0 Errors, 0 Warning(s).
Build target 'Target 1'
linking...
Program Size: Code=23848 RO-data=276 RW-data=76 ZI-data=1636  
".\obj\dummy.axf" - 0 Errors, 0 Warning(s).
Build target 'Target 1'
linking...
Program Size: Code=23848 RO-data=276 RW-data=76 ZI-data=1636  
".\obj\dummy.axf" - 0 Errors, 0 Warning(s).
Build target 'Target 1'
linking...
Program Size: Code=23848 RO-data=276 RW-data=76 ZI-data=1636  
".\obj\dummy.axf" - 0 Errors, 0 Warning(s).
Rebuild target 'Target 1'
assembling startup_stm32f10x_md.s...
compiling system_stm32f10x.c...
compiling main.c...
src\App\main.c(81): warning:  #1295-D: Deprecated declaration SetGPIO - give arg types
src\App\main.c(83): warning:  #1295-D: Deprecated declaration SetUART - give arg types
src\App\main.c(86): warning:  #1295-D: Deprecated declaration ReceiveX - give arg types
src\App\main.c(88): warning:  #1295-D: Deprecated declaration ReplyFromMK - give arg types
src\App\main.c(89): warning:  #1295-D: Deprecated declaration Set_Timer - give arg types
src\App\main.c(280): warning:  #111-D: statement is unreachable
compiling misc.c...
compiling stm32f10x_gpio.c...
compiling stm32f10x_rcc.c...
compiling stm32f10x_usart.c...
compiling stm32f10x_tim.c...
linking...
Program Size: Code=23840 RO-data=276 RW-data=76 ZI-data=1636  
".\obj\dummy.axf" - 0 Errors, 6 Warning(s).
Build target 'Target 1'
linking...
Program Size: Code=23840 RO-data=276 RW-data=76 ZI-data=1636  
".\obj\dummy.axf" - 0 Errors, 0 Warning(s).
Build target 'Target 1'
linking...
Program Size: Code=23840 RO-data=276 RW-data=76 ZI-data=1636  
".\obj\dummy.axf" - 0 Errors, 0 Warning(s).
Build target 'Target 1'
compiling main.c...
src\App\main.c(81): warning:  #1295-D: Deprecated declaration SetGPIO - give arg types
src\App\main.c(83): warning:  #1295-D: Deprecated declaration SetUART - give arg types
src\App\main.c(86): warning:  #1295-D: Deprecated declaration ReceiveX - give arg types
src\App\main.c(88): warning:  #1295-D: Deprecated declaration ReplyFromMK - give arg types
src\App\main.c(89): warning:  #1295-D: Deprecated declaration Set_Timer - give arg types
src\App\main.c(281): warning:  #111-D: statement is unreachable
linking...
Program Size: Code=23848 RO-data=276 RW-data=76 ZI-data=1636  
".\obj\dummy.axf" - 0 Errors, 6 Warning(s).
Build target 'Target 1'
linking...
Program Size: Code=23848 RO-data=276 RW-data=76 ZI-data=1636  
".\obj\dummy.axf" - 0 Errors, 0 Warning(s).
Build target 'Target 1'
linking...
Program Size: Code=23848 RO-data=276 RW-data=76 ZI-data=1636  
".\obj\dummy.axf" - 0 Errors, 0 Warning(s).
Build target 'Target 1'
linking...
Program Size: Code=23848 RO-data=276 RW-data=76 ZI-data=1636  
".\obj\dummy.axf" - 0 Errors, 0 Warning(s).
